<!DOCTYPE html>
<html lang="es">
<head>
<meta charset="UTF-8">
<meta name="viewport" content="width=device-width, initial-scale=1">
<meta name="color-scheme" content="light only">
<meta name="supported-color-schemes" content="light only">
<style>
:root{color-scheme:light only;supported-color-schemes:light only;}
@media only screen and (max-width:480px){.lw-px{padding-left:20px!important;padding-right:20px!important;}}
@font-face{font-family:'Neue Kabel';src:url('https://lawangproperties.com/assets/fonts/correo/NeueKabel-Regular.woff') format('woff');font-weight:400;font-style:normal;}
@font-face{font-family:'Neue Kabel';src:url('https://lawangproperties.com/assets/fonts/correo/NeueKabel-Medium.woff') format('woff');font-weight:500;font-style:normal;}
@font-face{font-family:'Neue Kabel';src:url('https://lawangproperties.com/assets/fonts/correo/NeueKabel-Bold.woff') format('woff');font-weight:600 700;font-style:normal;}
</style>
</head>
<body>
<table role="presentation" width="100%" cellpadding="0" cellspacing="0" border="0" style="background:#8F9B7A;margin:0;padding:32px 12px;">
  <tr>
    <td align="center">
      <!-- bgcolor (lino) es lo que pinta Outlook de escritorio, que no carga fondos;
           el resto usa la base del grano + la capa, que juntas dan el grano de siempre -->
      <table role="presentation" width="100%" cellpadding="0" cellspacing="0" border="0" bgcolor="#F5F0E6" background="https://lawangproperties.com/assets/img/correo-grano.png" style="max-width:760px;background-color:#FFFFF3;background-image:url('https://lawangproperties.com/assets/img/correo-grano.png');background-repeat:repeat;background-position:0 0;background-size:256px 256px;border:1px solid #BEB3A5;border-radius:16px;overflow:hidden;">

        <!-- barra superior -->
        <tr>
          <td class="lw-px" style="padding:18px 40px 16px;background:transparent;border-bottom:1px solid #BEB3A5;font-family:'Neue Kabel','Helvetica Neue',Helvetica,Arial,sans-serif;font-size:11px;letter-spacing:1.8px;text-transform:uppercase;color:#2E3437;">
            <table role="presentation" width="100%" cellpadding="0" cellspacing="0" border="0"><tr>
              <td style="font-family:'Neue Kabel','Helvetica Neue',Helvetica,Arial,sans-serif;font-size:11px;letter-spacing:1.8px;text-transform:uppercase;color:#2E3437;"><span style="display:inline-block;width:6px;height:6px;border-radius:3px;background:#485B37;vertical-align:middle;margin-right:8px;"></span>Lawang Properties</td>
              <td align="right" style="font-family:'Neue Kabel','Helvetica Neue',Helvetica,Arial,sans-serif;font-size:11px;letter-spacing:1.8px;text-transform:uppercase;color:#2E3437;">8 octubre 2026</td>
            </tr></table>
          </td>
        </tr>

        <!-- marca de agua: medio moanito contra el borde derecho (owner, 23-sep-2026).
             Una capa propia con UNA sola imagen de fondo: varios fondos en el
             mismo elemento no los pinta Gmail. El grano sigue en la tarjeta. -->
        <tr>
          <td background="https://lawangproperties.com/assets/img/correo-moanito.png" style="background-image:url('https://lawangproperties.com/assets/img/correo-moanito.png');background-repeat:no-repeat;background-position:right 24px;background-size:auto min(calc(100% - 48px), 560px);">
            <table role="presentation" width="100%" cellpadding="0" cellspacing="0" border="0">
        <!-- marca -->
        <tr>
          <td align="center" style="padding:27px 40px 8px;">
            <!-- 210×38 = el logo de 200×28 con 5 px de halo alrededor: el relleno de la
                 celda (32→27) y el margen del filete (18→13) lo descuentan -->
            <img src="https://lawangproperties.com/assets/img/lawang-logo-correo-halo.png" width="210" height="38" alt="LAWANG"
                 style="display:block;width:210px;height:38px;border:0;margin:0 auto;">
            <table role="presentation" width="100%" cellpadding="0" cellspacing="0" border="0" style="max-width:360px;margin:13px auto 0;"><tr>
              <td valign="middle"><div style="height:1px;background:#BEB3A5;font-size:0;line-height:0;">&nbsp;</div></td>
              <td valign="middle" style="width:1%;white-space:nowrap;padding:0 14px;font-family:'Neue Kabel','Helvetica Neue',Helvetica,Arial,sans-serif;font-size:11px;letter-spacing:3px;text-transform:uppercase;color:#8F9B7A;">Properties</td>
              <td valign="middle"><div style="height:1px;background:#BEB3A5;font-size:0;line-height:0;">&nbsp;</div></td>
            </tr></table>
          </td>
        </tr>

        <!-- cuerpo -->
        <tr>
          <td class="lw-px" style="padding:28px 40px 8px;">
            <div style="font-family:'Neue Kabel','Helvetica Neue',Helvetica,Arial,sans-serif;font-size:26px;line-height:32px;font-weight:500;letter-spacing:-0.2px;color:#2E3437;">Titulo</div><div style="width:40px;height:2px;background:#485B37;border-radius:2px;margin:10px 0 24px;font-size:0;line-height:0;">&nbsp;</div>
            <p style="margin:0 0 18px;font-family:'Neue Kabel','Helvetica Neue',Helvetica,Arial,sans-serif;font-size:15px;line-height:26px;word-break:break-word;overflow-wrap:anywhere;color:#2E3437;">Hola</p><table role="presentation" cellpadding="0" cellspacing="0" border="0" style="margin:0 0 10px;"><tr><td valign="top" style="width:18px;padding-top:10px;"><div style="width:6px;height:6px;border-radius:3px;background:#485B37;font-size:0;line-height:0;">&nbsp;</div></td><td style="font-family:'Neue Kabel','Helvetica Neue',Helvetica,Arial,sans-serif;font-size:15px;line-height:25px;word-break:break-word;overflow-wrap:anywhere;color:#2E3437;">uno</td></tr></table>
          </td>
        </tr>

        <tr>
          <td class="lw-px" style="padding:8px 40px 0;">
            <table role="presentation" width="100%" cellpadding="0" cellspacing="0" border="0" style="background:transparent;border:1px solid #BEB3A5;border-radius:16px;">
              <tr>
                <td align="center" style="padding:28px 24px;">
                  <table role="presentation" cellpadding="0" cellspacing="0" border="0">
                    <tr>
                      <td style="background:#42210B;border-radius:999px;">
                        <a href="https://lawangproperties.com/portal/" style="display:inline-block;padding:14px 32px;font-family:'Neue Kabel','Helvetica Neue',Helvetica,Arial,sans-serif;font-size:12px;font-weight:600;letter-spacing:1.5px;text-transform:uppercase;color:#F5F0E6;text-decoration:none;border-radius:999px;">Portal</a>
                      </td>
                    </tr>
                  </table>
                </td>
              </tr>
            </table>
          </td>
        </tr>
            </table>
          </td>
        </tr>
        <!-- pie -->
        <tr>
          <td style="padding:32px 0 0;">
            <table role="presentation" width="100%" cellpadding="0" cellspacing="0" border="0" style="background:#2E3437;border-top:1px solid #2E3437;">
              <tr>
                <td class="lw-px" style="padding:26px 40px 28px;font-family:'Neue Kabel','Helvetica Neue',Helvetica,Arial,sans-serif;font-size:11.5px;line-height:18px;color:#F5F0E6;">
                  <p style="margin:0 0 14px;word-break:break-all;">Si el botón no funciona, copia esta dirección en tu navegador &middot; If the button does not work, paste this address into your browser:<br><a href="https://lawangproperties.com/portal/" style="color:#8F9B7A;">https://lawangproperties.com/portal/</a></p>
                  <p style="margin:0 0 6px;font-family:'Neue Kabel','Helvetica Neue',Helvetica,Arial,sans-serif;font-size:12px;font-weight:600;letter-spacing:2.5px;text-transform:uppercase;color:#F5F0E6;">Lawang Tropical Properties</p>
                  <p style="margin:0;"><a href="mailto:admin@lawangproperties.com" style="color:#8F9B7A;text-decoration:none;">admin@lawangproperties.com</a> &middot; <a href="https://lawangproperties.com" style="color:#8F9B7A;text-decoration:none;">lawangproperties.com</a></p>
                  <p style="margin:14px 0 0;font-size:10.5px;color:#BEB3A5;">&copy; 2026 Lawang Tropical Properties</p>
                </td>
              </tr>
            </table>
          </td>
        </tr>

      </table>
    </td>
  </tr>
</table>
</body>
</html>